Knot points: 32
State size: 14
Datatype: FLOAT
Sqp exits condition: CONSTANT TIME
QD COST: 0.0001
R COST: 0.0001
Rho factor: 1.2
Rho max: 10
Test iters: 1
Max sqp time: 2000
Solver: PCG
Max pcg iter: 173
Save data: OFF
Jitters: ON


start: 0 goal: 0
Logging test results to files with prefix tmp/results/32_PCG_0.000005 
Completed at 20260616_150232

RESULTS*************************************
Exit tol: 5e-06

Tracking err
Average[1.23508] Std Dev [0.502176] Min [0.000757456] Max [2.49875] Median [1.25102] Q1 [0.965456] Q3 [1.58553]
Average final tracking err: 0.999139
terminate called after throwing an instance of 'std::out_of_range'
  what():  vector::_M_range_check: __n (which is 0) >= this->size() (which is 0)
