include/utils/matrix.hip.hpp(252): warning #2810-D: ignoring return value type with "nodiscard" attribute
      hipMemcpy2D(h_matrix, pitch, d_matrix, pitch, pitch, rows, 
                 ^

Remark: The warnings can be suppressed with "-diag-suppress <warning-number>"

include/pcg/linsys_setup.hip.hpp(657): error: no instance of overloaded function "hipLaunchCooperativeKernel" matches the argument list
            argument types are: (const void *, uint32_t, int, void *[11], const uint32_t)
      { gpuAssert((hipLaunchCooperativeKernel(reinterpret_cast<const void*>(kernel), knot_points, 128, args, s_temp_size)), "include/pcg/linsys_setup.hip.hpp", 657); };
                   ^
/opt/rocm-7.2.0/include/hip/nvidia_detail/nvidia_hip_runtime_api.h(4190): note #3322-D: number of parameters of function template "hipLaunchCooperativeKernel(T, dim3, dim3, void **, unsigned int, hipStream_t)" does not match the call
  inline static hipError_t hipLaunchCooperativeKernel(T f, dim3 gridDim, dim3 blockDim,
                           ^
/opt/rocm-7.2.0/include/hip/nvidia_detail/nvidia_hip_runtime_api.h(3889): note #3322-D: number of parameters of function "hipLaunchCooperativeKernel(const void *, dim3, dim3, void **, unsigned int, hipStream_t)" does not match the call
  inline static hipError_t hipLaunchCooperativeKernel(const void* f, dim3 gridDim, dim3 blockDim,
                           ^

include/pcg/sqp.hip.hpp(67): warning #2810-D: ignoring return value type with "nodiscard" attribute
          hipStreamCreate(&streams[str]);
                         ^

include/pcg/sqp.hip.hpp(231): error: no instance of overloaded function "hipLaunchCooperativeKernel" matches the argument list
            argument types are: (const void *, const uint32_t, int, void *[12], size_t)
          { gpuAssert((hipLaunchCooperativeKernel(reinterpret_cast<const void*>(pcg_kernel), knot_points, 128, pcgKernelArgs, ppcg_kernel_smem_size)), "include/pcg/sqp.hip.hpp", 231); };
                       ^
/opt/rocm-7.2.0/include/hip/nvidia_detail/nvidia_hip_runtime_api.h(4190): note #3322-D: number of parameters of function template "hipLaunchCooperativeKernel(T, dim3, dim3, void **, unsigned int, hipStream_t)" does not match the call
  inline static hipError_t hipLaunchCooperativeKernel(T f, dim3 gridDim, dim3 blockDim,
                           ^
/opt/rocm-7.2.0/include/hip/nvidia_detail/nvidia_hip_runtime_api.h(3889): note #3322-D: number of parameters of function "hipLaunchCooperativeKernel(const void *, dim3, dim3, void **, unsigned int, hipStream_t)" does not match the call
  inline static hipError_t hipLaunchCooperativeKernel(const void* f, dim3 gridDim, dim3 blockDim,
                           ^

2 errors detected in the compilation of "examples/track_iiwa_pcg.hip.cpp".
failed to execute:/usr/local/cuda/bin/nvcc  -Wno-deprecated-gpu-targets  -isystem "/opt/rocm-7.2.0/include" -x cu  -Wno-deprecated-gpu-targets -lcuda -lcudart -L/usr/local/cuda/lib64  -std=c++17 -O3 -Iinclude -Iinclude/common -Iinclude/utils -Iinclude/pcg -Iinclude/dynamics -Iinclude/dynamics/iiwa -IGLASS -IGBD-PCG/include -I/opt/rocm-7.2.0/include -I/opt/rocm-7.2.0/include/hipblas -I/usr/local/cuda/include -DLINSYS_SOLVE=1 -DREMOVE_JITTERS=0 -DCONST_UPDATE_FREQ=0 -DTEST_ITERS=1 examples/track_iiwa_pcg.hip.cpp -o "examples/pcg_hip_nvidia_fixediter.exe" -L/opt/rocm-7.2.0/lib -L/usr/local/cuda/lib64 -lhipblas -lcublas -lcudart
