HIPIFY ./examples/pcg_solve_dp.cu
HIPIFY ./examples/pcg_solve.cu
HIPIFY ./GLASS/glass.cuh
HIPIFY ./GLASS/src/L2/gemv.cuh
HIPIFY ./GLASS/src/L1/ident.cuh
HIPIFY ./GLASS/src/L1/scal.cuh
HIPIFY ./GLASS/src/L1/copy.cuh
HIPIFY ./GLASS/src/L1/dot.cuh
HIPIFY ./GLASS/src/L1/swap.cuh
HIPIFY ./GLASS/src/L1/reduce.cuh
HIPIFY ./GLASS/src/L1/axpy.cuh
HIPIFY ./GLASS/src/L3/inv.cuh
HIPIFY ./GLASS/src/L3/chol_InPlace.cuh
HIPIFY ./GLASS/src/L3/gemm.cuh
HIPIFY ./include/interface.cuh
HIPIFY ./include/types.cuh
HIPIFY ./include/pcg.cuh
HIPIFY ./include/gpuassert.cuh
HIPIFY ./include/gpu_pcg.cuh
HIPIFY ./include/constants.cuh
HIPIFY ./include/utils.cuh
